00:00 +0: loading e:/dev/projects/zart/test/glulx/interpreter_test.dart
00:00 +0: e:/dev/projects/zart/test/glulx/system_io_test.dart: gestalt returns version info
00:00 +1: e:/dev/projects/zart/test/glulx/system_io_test.dart: gestalt returns version info
00:00 +2: e:/dev/projects/zart/test/glulx/interpreter_test.dart: GlulxInterpreter add opcode write to ram
00:00 +3: e:/dev/projects/zart/test/glulx/system_io_test.dart: streamnum writes string to io
00:00 +4: e:/dev/projects/zart/test/glulx/interpreter_test.dart: GlulxInterpreter add opcode with stack (indirect)
00:00 +5: e:/dev/projects/zart/test/glulx/interpreter_test.dart: GlulxInterpreter add opcode with stack (indirect)
00:00 +5 -1: e:/dev/projects/zart/test/glulx/system_io_test.dart: streamstr writes E2 (Unicode) string to io
00:00 +5 -2: e:/dev/projects/zart/test/glulx/interpreter_test.dart: GlulxInterpreter add opcode with stack (indirect) [E]
  GlulxException: Unimplemented Opcode: 0x81 (Length: 2)
  package:zart/src/glulx/interpreter.dart 1100:11  GlulxInterpreter.run
  test\glulx\interpreter_test.dart 174:25          main.<fn>.<fn>
  
00:00 +5 -2: e:/dev/projects/zart/test/glulx/system_io_test.dart: streamstr writes E2 (Unicode) string to io [E]
  GlulxException: Unsupported Addressing Mode: 4
  package:zart/src/glulx/interpreter.dart 1209:9  GlulxInterpreter._decodeOperand
  package:zart/src/glulx/interpreter.dart 353:11  GlulxInterpreter.run
  test\glulx\system_io_test.dart 220:23           main.<fn>
  
00:00 +5 -2: e:/dev/projects/zart/test/glulx/interpreter_test.dart: GlulxInterpreter jump opcode
00:00 +6 -2: e:/dev/projects/zart/test/glulx/system_io_test.dart: jumpabs jumps to address
00:00 +7 -2: e:/dev/projects/zart/test/glulx/interpreter_test.dart: GlulxInterpreter sub mul div mod neg
00:00 +8 -2: e:/dev/projects/zart/test/glulx/system_io_test.dart: setmemsize resizes memory
00:00 +9 -2: e:/dev/projects/zart/test/glulx/system_io_test.dart: setmemsize resizes memory
00:00 +10 -2: e:/dev/projects/zart/test/glulx/system_io_test.dart: setmemsize resizes memory
00:00 +11 -2: e:/dev/projects/zart/test/glulx/system_io_test.dart: setmemsize resizes memory
00:00 +12 -2: e:/dev/projects/zart/test/glulx/system_io_test.dart: setmemsize resizes memory
00:00 +13 -2: e:/dev/projects/zart/test/glulx/system_io_test.dart: setmemsize resizes memory
00:00 +14 -2: e:/dev/projects/zart/test/glulx/system_io_test.dart: setmemsize resizes memory
00:00 +15 -2: e:/dev/projects/zart/test/glulx/system_io_test.dart: setmemsize resizes memory
00:00 +16 -2: e:/dev/projects/zart/test/glulx/system_io_test.dart: setmemsize resizes memory
00:00 +17 -2: e:/dev/projects/zart/test/glulx/system_io_test.dart: setmemsize resizes memory
00:00 +18 -2: e:/dev/projects/zart/test/glulx/system_io_test.dart: setmemsize resizes memory
00:00 +19 -2: e:/dev/projects/zart/test/glulx/system_io_test.dart: setmemsize resizes memory
00:00 +20 -2: e:/dev/projects/zart/test/glulx/system_io_test.dart: setmemsize resizes memory
00:00 +21 -2: e:/dev/projects/zart/test/glulx/system_io_test.dart: setmemsize resizes memory
00:00 +22 -2: e:/dev/projects/zart/test/glulx/system_io_test.dart: setmemsize resizes memory
00:00 +23 -2: e:/dev/projects/zart/test/glulx/system_io_test.dart: setmemsize resizes memory
00:00 +24 -2: e:/dev/projects/zart/test/glulx/system_io_test.dart: setmemsize resizes memory
00:00 +25 -2: e:/dev/projects/zart/test/glulx/system_io_test.dart: setmemsize resizes memory
00:00 +26 -2: e:/dev/projects/zart/test/glulx/system_io_test.dart: setmemsize resizes memory
00:00 +27 -2: e:/dev/projects/zart/test/glulx/system_io_test.dart: setmemsize resizes memory
00:00 +28 -2: e:/dev/projects/zart/test/glulx/system_io_test.dart: setmemsize resizes memory
00:00 +29 -2: e:/dev/projects/zart/test/glulx/system_io_test.dart: setmemsize resizes memory
00:00 +30 -2: e:/dev/projects/zart/test/glulx/system_io_test.dart: setmemsize resizes memory
00:00 +31 -2: e:/dev/projects/zart/test/glulx/system_io_test.dart: setmemsize resizes memory
00:00 +32 -2: e:/dev/projects/zart/test/glulx/system_io_test.dart: setmemsize resizes memory
00:00 +33 -2: e:/dev/projects/zart/test/glulx/system_io_test.dart: setmemsize resizes memory
00:00 +34 -2: e:/dev/projects/zart/test/glulx/system_io_test.dart: random generates numbers
Random: 4, -3, 0x5a3c0b5
00:00 +35 -2: Some tests failed.

Consider enabling the flag chain-stack-traces to receive more detailed exceptions.
For example, 'dart test --chain-stack-traces'.
